Archive member included to satisfy reference by file (symbol)

/usr/lib/gcc/avr/5.4.0/avr51/libgcc.a(_divmodhi4.o)
                              pwm.o (__divmodhi4)
/usr/lib/gcc/avr/5.4.0/avr51/libgcc.a(_udivmodsi4.o)
                              pwm.o (__udivmodsi4)
/usr/lib/gcc/avr/5.4.0/avr51/libgcc.a(_exit.o)
                              /usr/lib/gcc/avr/5.4.0/../../../avr/lib/avr51/crtatmega128.o (exit)
/usr/lib/gcc/avr/5.4.0/avr51/libgcc.a(_tablejump2.o)
                              RTC_routines.o (__tablejump2__)
/usr/lib/gcc/avr/5.4.0/avr51/libgcc.a(_copy_data.o)
                              main.o (__do_copy_data)
/usr/lib/gcc/avr/5.4.0/avr51/libgcc.a(_clear_bss.o)
                              main.o (__do_clear_bss)
/usr/lib/gcc/avr/5.4.0/avr51/libgcc.a(_umulhisi3.o)
                              pwm.o (__umulhisi3)
/usr/lib/gcc/avr/5.4.0/avr51/libgcc.a(_mulshisi3.o)
                              pwm.o (__mulshisi3)
/usr/lib/gcc/avr/5.4.0/avr51/libgcc.a(_prologue.o)
                              hd44780.o (__prologue_saves__)
/usr/lib/gcc/avr/5.4.0/avr51/libgcc.a(_epilogue.o)
                              hd44780.o (__epilogue_restores__)
/usr/lib/gcc/avr/5.4.0/avr51/libgcc.a(_udivmodhi4.o)
                              /usr/lib/gcc/avr/5.4.0/avr51/libgcc.a(_divmodhi4.o) (__udivmodhi4)
/usr/lib/gcc/avr/5.4.0/avr51/libgcc.a(_muluhisi3.o)
                              /usr/lib/gcc/avr/5.4.0/avr51/libgcc.a(_mulshisi3.o) (__muluhisi3)
/usr/lib/gcc/avr/5.4.0/../../../avr/lib/avr51/libc.a(calloc.o)
                              Applet.o (calloc)
/usr/lib/gcc/avr/5.4.0/../../../avr/lib/avr51/libc.a(malloc.o)
                              /usr/lib/gcc/avr/5.4.0/../../../avr/lib/avr51/libc.a(calloc.o) (malloc)
/usr/lib/gcc/avr/5.4.0/../../../avr/lib/avr51/libc.a(strtol.o)
                              console.o (strtol)
/usr/lib/gcc/avr/5.4.0/../../../avr/lib/avr51/libc.a(atoi.o)
                              Program.o (atoi)
/usr/lib/gcc/avr/5.4.0/../../../avr/lib/avr51/libc.a(isspace.o)
                              /usr/lib/gcc/avr/5.4.0/../../../avr/lib/avr51/libc.a(strtol.o) (isspace)
/usr/lib/gcc/avr/5.4.0/../../../avr/lib/avr51/libc.a(memset.o)
                              /usr/lib/gcc/avr/5.4.0/../../../avr/lib/avr51/libc.a(calloc.o) (memset)
/usr/lib/gcc/avr/5.4.0/../../../avr/lib/avr51/libc.a(strcmp.o)
                              AutoProgram.o (strcmp)
/usr/lib/gcc/avr/5.4.0/../../../avr/lib/avr51/libc.a(strcpy.o)
                              UART_routines.o (strcpy)
/usr/lib/gcc/avr/5.4.0/../../../avr/lib/avr51/libc.a(strlcpy.o)
                              UART_routines.o (strlcpy)
/usr/lib/gcc/avr/5.4.0/../../../avr/lib/avr51/libc.a(itoa_ncheck.o)
                              Program.o (__itoa_ncheck)
/usr/lib/gcc/avr/5.4.0/../../../avr/lib/avr51/libc.a(mul10.o)
                              /usr/lib/gcc/avr/5.4.0/../../../avr/lib/avr51/libc.a(atoi.o) (__mulhi_const_10)
/usr/lib/gcc/avr/5.4.0/../../../avr/lib/avr51/libc.a(utoa_ncheck.o)
                              /usr/lib/gcc/avr/5.4.0/../../../avr/lib/avr51/libc.a(itoa_ncheck.o) (__utoa_common)
/usr/lib/gcc/avr/5.4.0/../../../avr/lib/avr51/libc.a(iob.o)
                              UART_routines.o (__iob)
/usr/lib/gcc/avr/5.4.0/../../../avr/lib/avr51/libc.a(printf.o)
                              main.o (printf)
/usr/lib/gcc/avr/5.4.0/../../../avr/lib/avr51/libc.a(putchar.o)
                              ds1820.o (putchar)
/usr/lib/gcc/avr/5.4.0/../../../avr/lib/avr51/libc.a(puts.o)
                              main.o (puts)
/usr/lib/gcc/avr/5.4.0/../../../avr/lib/avr51/libc.a(sprintf.o)
                              Applet.o (sprintf)
/usr/lib/gcc/avr/5.4.0/../../../avr/lib/avr51/libc.a(vsnprintf.o)
                              Applet.o (vsnprintf)
/usr/lib/gcc/avr/5.4.0/../../../avr/lib/avr51/libc.a(vfprintf_std.o)
                              /usr/lib/gcc/avr/5.4.0/../../../avr/lib/avr51/libc.a(printf.o) (vfprintf)
/usr/lib/gcc/avr/5.4.0/../../../avr/lib/avr51/libc.a(errno.o)
                              /usr/lib/gcc/avr/5.4.0/../../../avr/lib/avr51/libc.a(strtol.o) (errno)
/usr/lib/gcc/avr/5.4.0/../../../avr/lib/avr51/libc.a(cty_isfalse.o)
                              /usr/lib/gcc/avr/5.4.0/../../../avr/lib/avr51/libc.a(isspace.o) (__ctype_isfalse)
/usr/lib/gcc/avr/5.4.0/../../../avr/lib/avr51/libc.a(strnlen_P.o)
                              /usr/lib/gcc/avr/5.4.0/../../../avr/lib/avr51/libc.a(vfprintf_std.o) (strnlen_P)
/usr/lib/gcc/avr/5.4.0/../../../avr/lib/avr51/libc.a(strnlen.o)
                              /usr/lib/gcc/avr/5.4.0/../../../avr/lib/avr51/libc.a(vfprintf_std.o) (strnlen)
/usr/lib/gcc/avr/5.4.0/../../../avr/lib/avr51/libc.a(strrev.o)
                              /usr/lib/gcc/avr/5.4.0/../../../avr/lib/avr51/libc.a(utoa_ncheck.o) (strrev)
/usr/lib/gcc/avr/5.4.0/../../../avr/lib/avr51/libc.a(fputc.o)
                              /usr/lib/gcc/avr/5.4.0/../../../avr/lib/avr51/libc.a(putchar.o) (fputc)
/usr/lib/gcc/avr/5.4.0/../../../avr/lib/avr51/libc.a(ultoa_invert.o)
                              /usr/lib/gcc/avr/5.4.0/../../../avr/lib/avr51/libc.a(vfprintf_std.o) (__ultoa_invert)
/usr/lib/gcc/avr/5.4.0/../../../avr/lib/avr51/libatmega128.a(eerd_block.o)
                              eepromStruct.o (eeprom_read_block)
/usr/lib/gcc/avr/5.4.0/../../../avr/lib/avr51/libatmega128.a(eewr_block.o)
                              eepromStruct.o (eeprom_write_block)
/usr/lib/gcc/avr/5.4.0/../../../avr/lib/avr51/libatmega128.a(eewr_byte.o)
                              /usr/lib/gcc/avr/5.4.0/../../../avr/lib/avr51/libatmega128.a(eewr_block.o) (eeprom_write_r18)
/usr/lib/gcc/avr/5.4.0/avr51/libgcc.a(_mulsi3.o)
                              /usr/lib/gcc/avr/5.4.0/../../../avr/lib/avr51/libc.a(strtol.o) (__mulsi3)

Allocating common symbols
Common symbol       size              file

rxbuf               0x20              UART_routines.o
lineAvailable       0x1               UART_routines.o
MainApplet          0x2               main.o
rtc_register        0x7               RTC_routines.o
errno               0x2               /usr/lib/gcc/avr/5.4.0/../../../avr/lib/avr51/libc.a(errno.o)
eepromPrograms      0x8               eepromStruct.o
line                0x20              UART_routines.o
__brkval            0x2               /usr/lib/gcc/avr/5.4.0/../../../avr/lib/avr51/libc.a(malloc.o)
rx_buf1             0x64              Interrupts.o
applet              0x2               Applet.o
stepPollingFunc     0x2               AutoProgram.o
rx_buf              0x64              Interrupts.o
index               0x1               UART_routines.o
ii                  0x2               Interrupts.o
time                0xa               RTC_routines.o
day                 0x1               RTC_routines.o
AutoApplet          0x2               main.o
g_key_handler       0x2               Program.o
date                0xc               RTC_routines.o
gSensorIDs          0x50              ds1820.o
__flp               0x2               /usr/lib/gcc/avr/5.4.0/../../../avr/lib/avr51/libc.a(malloc.o)
__iob               0x6               /usr/lib/gcc/avr/5.4.0/../../../avr/lib/avr51/libc.a(iob.o)
programs            0x8               Program.o

Memory Configuration

Name             Origin             Length             Attributes
text             0x0000000000000000 0x0000000000020000 xr
data             0x0000000000800100 0x000000000000ff00 rw !x
eeprom           0x0000000000810000 0x0000000000010000 rw !x
fuse             0x0000000000820000 0x0000000000000003 rw !x
lock             0x0000000000830000 0x0000000000000400 rw !x
signature        0x0000000000840000 0x0000000000000400 rw !x
user_signatures  0x0000000000850000 0x0000000000000400 rw !x
*default*        0x0000000000000000 0xffffffffffffffff

Linker script and memory map

Address of section .data set to 0x800100
LOAD /usr/lib/gcc/avr/5.4.0/../../../avr/lib/avr51/crtatmega128.o
LOAD /usr/lib/gcc/avr/5.4.0/../../../avr/lib/avr51/libm.a
LOAD main.o
LOAD hd44780.o
LOAD delay.o
LOAD UART_routines.o
LOAD RTC_routines.o
LOAD i2c_routines.o
LOAD keypad.o
LOAD Interrupts.o
LOAD PCF_routines.o
LOAD timer.o
LOAD adc.o
LOAD pwm.o
LOAD AutoProgram.o
LOAD Applet.o
LOAD eepromStruct.o
LOAD mcucsr.o
LOAD console.o
LOAD ds1820.o
LOAD Program.o
START GROUP
LOAD /usr/lib/gcc/avr/5.4.0/avr51/libgcc.a
LOAD /usr/lib/gcc/avr/5.4.0/../../../avr/lib/avr51/libm.a
LOAD /usr/lib/gcc/avr/5.4.0/../../../avr/lib/avr51/libc.a
LOAD /usr/lib/gcc/avr/5.4.0/../../../avr/lib/avr51/libatmega128.a
END GROUP
                0x0000000000020000                __TEXT_REGION_LENGTH__ = DEFINED (__TEXT_REGION_LENGTH__)?__TEXT_REGION_LENGTH__:0x20000
                0x000000000000ff00                __DATA_REGION_LENGTH__ = DEFINED (__DATA_REGION_LENGTH__)?__DATA_REGION_LENGTH__:0xff00
                0x0000000000010000                __EEPROM_REGION_LENGTH__ = DEFINED (__EEPROM_REGION_LENGTH__)?__EEPROM_REGION_LENGTH__:0x10000
                [0x0000000000000003]                __FUSE_REGION_LENGTH__ = DEFINED (__FUSE_REGION_LENGTH__)?__FUSE_REGION_LENGTH__:0x400
                0x0000000000000400                __LOCK_REGION_LENGTH__ = DEFINED (__LOCK_REGION_LENGTH__)?__LOCK_REGION_LENGTH__:0x400
                0x0000000000000400                __SIGNATURE_REGION_LENGTH__ = DEFINED (__SIGNATURE_REGION_LENGTH__)?__SIGNATURE_REGION_LENGTH__:0x400
                0x0000000000000400                __USER_SIGNATURE_REGION_LENGTH__ = DEFINED (__USER_SIGNATURE_REGION_LENGTH__)?__USER_SIGNATURE_REGION_LENGTH__:0x400

.hash
 *(.hash)

.dynsym
 *(.dynsym)

.dynstr
 *(.dynstr)

.gnu.version
 *(.gnu.version)

.gnu.version_d
 *(.gnu.version_d)

.gnu.version_r
 *(.gnu.version_r)

.rel.init
 *(.rel.init)

.rela.init
 *(.rela.init)

.rel.text
 *(.rel.text)
 *(.rel.text.*)
 *(.rel.gnu.linkonce.t*)

.rela.text
 *(.rela.text)
 *(.rela.text.*)
 *(.rela.gnu.linkonce.t*)

.rel.fini
 *(.rel.fini)

.rela.fini
 *(.rela.fini)

.rel.rodata
 *(.rel.rodata)
 *(.rel.rodata.*)
 *(.rel.gnu.linkonce.r*)

.rela.rodata
 *(.rela.rodata)
 *(.rela.rodata.*)
 *(.rela.gnu.linkonce.r*)

.rel.data
 *(.rel.data)
 *(.rel.data.*)
 *(.rel.gnu.linkonce.d*)

.rela.data
 *(.rela.data)
 *(.rela.data.*)
 *(.rela.gnu.linkonce.d*)

.rel.ctors
 *(.rel.ctors)

.rela.ctors
 *(.rela.ctors)

.rel.dtors
 *(.rel.dtors)

.rela.dtors
 *(.rela.dtors)

.rel.got
 *(.rel.got)

.rela.got
 *(.rela.got)

.rel.bss
 *(.rel.bss)

.rela.bss
 *(.rela.bss)

.rel.plt
 *(.rel.plt)

.rela.plt
 *(.rela.plt)

.text           0x0000000000000000     0x3560
 *(.vectors)
 .vectors       0x0000000000000000       0x8c /usr/lib/gcc/avr/5.4.0/../../../avr/lib/avr51/crtatmega128.o
                0x0000000000000000                __vectors
                0x0000000000000000                __vector_default
 *(.vectors)
 *(.progmem.gcc*)
 .progmem.gcc_sw_table
                0x000000000000008c        0xe RTC_routines.o
                0x000000000000009a                . = ALIGN (0x2)
                0x000000000000009a                __trampolines_start = .
 *(.trampolines)
 .trampolines   0x000000000000009a        0x0 linker stubs
 *(.trampolines*)
                0x000000000000009a                __trampolines_end = .
 *libprintf_flt.a:*(.progmem.data)
 *libc.a:*(.progmem.data)
 *(.progmem*)
 .progmem.data  0x000000000000009a       0x1b RTC_routines.o
 .progmem.data  0x00000000000000b5       0xbc AutoProgram.o
                0x00000000000000b5                EndStep
                0x00000000000000d0                NullProgram
                0x0000000000000172                . = ALIGN (0x2)
 *fill*         0x0000000000000171        0x1 
 *(.jumptables)
 *(.jumptables*)
 *(.lowtext)
 *(.lowtext*)
                0x0000000000000172                __ctors_start = .
 *(.ctors)
                0x0000000000000172                __ctors_end = .
                0x0000000000000172                __dtors_start = .
 *(.dtors)
                0x0000000000000172                __dtors_end = .
 SORT(*)(.ctors)
 SORT(*)(.dtors)
 *(.init0)
 .init0         0x0000000000000172        0x0 /usr/lib/gcc/avr/5.4.0/../../../avr/lib/avr51/crtatmega128.o
                0x0000000000000172                __init
 *(.init0)
 *(.init1)
 *(.init1)
 *(.init2)
 .init2         0x0000000000000172        0xc /usr/lib/gcc/avr/5.4.0/../../../avr/lib/avr51/crtatmega128.o
 *(.init2)
 *(.init3)
 .init3         0x000000000000017e       0x18 mcucsr.o
                0x000000000000017e                get_mcucsr
 *(.init3)
 *(.init4)
 .init4         0x0000000000000196       0x1a /usr/lib/gcc/avr/5.4.0/avr51/libgcc.a(_copy_data.o)
                0x0000000000000196                __do_copy_data
 .init4         0x00000000000001b0       0x10 /usr/lib/gcc/avr/5.4.0/avr51/libgcc.a(_clear_bss.o)
                0x00000000000001b0                __do_clear_bss
 *(.init4)
 *(.init5)
 *(.init5)
 *(.init6)
 *(.init6)
 *(.init7)
 *(.init7)
 *(.init8)
 *(.init8)
 *(.init9)
 .init9         0x00000000000001c0        0x8 /usr/lib/gcc/avr/5.4.0/../../../avr/lib/avr51/crtatmega128.o
 *(.init9)
 *(.text)
 .text          0x00000000000001c8        0x4 /usr/lib/gcc/avr/5.4.0/../../../avr/lib/avr51/crtatmega128.o
                0x00000000000001c8                __vector_22
                0x00000000000001c8                __vector_28
                0x00000000000001c8                __vector_1
                0x00000000000001c8                __vector_32
                0x00000000000001c8                __vector_34
                0x00000000000001c8                __vector_24
                0x00000000000001c8                __vector_12
                0x00000000000001c8                __bad_interrupt
                0x00000000000001c8                __vector_6
                0x00000000000001c8                __vector_31
                0x00000000000001c8                __vector_23
                0x00000000000001c8                __vector_25
                0x00000000000001c8                __vector_11
                0x00000000000001c8                __vector_13
                0x00000000000001c8                __vector_17
                0x00000000000001c8                __vector_19
                0x00000000000001c8                __vector_7
                0x00000000000001c8                __vector_27
                0x00000000000001c8                __vector_5
                0x00000000000001c8                __vector_33
                0x00000000000001c8                __vector_4
                0x00000000000001c8                __vector_9
                0x00000000000001c8                __vector_2
                0x00000000000001c8                __vector_21
                0x00000000000001c8                __vector_15
                0x00000000000001c8                __vector_29
                0x00000000000001c8                __vector_8
                0x00000000000001c8                __vector_26
                0x00000000000001c8                __vector_10
                0x00000000000001c8                __vector_16
                0x00000000000001c8                __vector_18
                0x00000000000001c8                __vector_20
 .text          0x00000000000001cc        0x2 main.o
                0x00000000000001cc                GetProgramsAndTranslate
 .text          0x00000000000001ce      0x11a hd44780.o
                0x00000000000002b6                lcd_getc
                0x00000000000002be                lcd_geta
                0x00000000000002c6                lcd_command
                0x00000000000002c8                lcd_goto
                0x00000000000002ca                lcd_clrscr
                0x00000000000002cc                lcd_home
                0x00000000000002ce                lcd_putc
                0x00000000000002d0                printlcd
                0x00000000000002e2                lcd_puts
                0x00000000000002e4                lcd_puts_P
                0x00000000000002e6                lcd_init
 .text          0x00000000000002e8       0x1a delay.o
                0x00000000000002e8                delayloop32
 .text          0x0000000000000302      0x1ec UART_routines.o
                0x0000000000000302                receiveByte
                0x000000000000030a                __vector_30
                0x00000000000003cc                uart_get_last_line
                0x00000000000003f0                uart0_init
                0x000000000000040c                uart1_init
                0x0000000000000438                receiveByte1
                0x0000000000000446                transmitByte
                0x000000000000044e                transmitByte1
                0x000000000000045c                uart_puts
                0x0000000000000474                uart_putc
                0x000000000000047a                transmitString_F
                0x000000000000049c                transmitString_F1
                0x00000000000004be                transmitString
                0x00000000000004d6                transmitString1
 .text          0x00000000000004ee      0x6b6 RTC_routines.o
                0x00000000000004ee                RTC_setStartAddress
                0x0000000000000532                RTC_read
                0x00000000000005cc                RTC_get_seconds
                0x00000000000005fc                RTC_getTime
                0x0000000000000654                RTC_getDate
                0x00000000000006c6                RTC_displayTime
                0x00000000000006f4                RTC_GetTimeString
                0x00000000000006fe                RTC_updateRegisters
                0x00000000000007b4                RTC_displayDay
                0x000000000000082e                RTC_displayDate
                0x0000000000000860                RTC_writeTime
                0x00000000000008cc                RTC_writeDate
                0x0000000000000938                RTC_updateTime
                0x0000000000000a38                RTC_updateDate
 .text          0x0000000000000ba4       0xf2 i2c_routines.o
                0x0000000000000ba4                twi_init
                0x0000000000000bc0                i2c_start
                0x0000000000000bde                i2c_repeatStart
                0x0000000000000bfc                i2c_sendAddress
                0x0000000000000c28                i2c_sendData
                0x0000000000000c4a                i2c_receiveData_ACK
                0x0000000000000c6c                i2c_receiveData_NACK
                0x0000000000000c8e                i2c_stop
 .text          0x0000000000000c96      0x100 keypad.o
                0x0000000000000ca2                keys_get
 .text          0x0000000000000d96       0x46 Interrupts.o
                0x0000000000000d96                init_interrupts
                0x0000000000000dc0                __vector_3
 .text          0x0000000000000ddc       0xd0 PCF_routines.o
                0x0000000000000ddc                PCF1_read
                0x0000000000000e38                PCF1_writeByte
                0x0000000000000ea6                PCF1_init
 .text          0x0000000000000eac       0x70 timer.o
                0x0000000000000eac                __vector_14
                0x0000000000000ef6                timer_init
                0x0000000000000f0a                timer_get
 .text          0x0000000000000f1c       0x44 adc.o
                0x0000000000000f1c                adc_read
                0x0000000000000f4c                adc_init
 .text          0x0000000000000f60      0x2e0 pwm.o
                0x0000000000000f60                init_pwm
                0x00000000000010de                pwm_get_A_pct
                0x0000000000001154                pwm_set_A
                0x0000000000001192                pwm_set_B
                0x00000000000011d0                pwm_set_C
                0x000000000000120e                pctToBar
 .text          0x0000000000001240      0x1f4 AutoProgram.o
                0x0000000000001240                PollProgram
                0x0000000000001250                InitialiseStep
                0x00000000000012c4                SetUp
                0x00000000000012f8                SetElapsedTime
                0x0000000000001308                Finished
                0x0000000000001322                numSteps
                0x000000000000135a                NextStep
                0x0000000000001394                RunStep
                0x000000000000140e                StepPollingFunc
 .text          0x0000000000001434      0x314 Applet.o
                0x0000000000001434                InitApplet
                0x00000000000014ac                SetName
                0x00000000000014cc                GetCurrentAppletName
                0x00000000000014e0                SetApplet
                0x00000000000014ee                ForgetApplet
                0x00000000000014f0                Display
                0x00000000000015d2                SetLine
                0x000000000000169c                SetLineIn
 .text          0x0000000000001748      0x1fe eepromStruct.o
                0x0000000000001748                LoadProgramsFromEeprom
                0x00000000000017d8                init
                0x000000000000182e                UploadProgramToEeprom
                0x000000000000186a                UploadProgramsToEeprom
 .text          0x0000000000001946       0x64 mcucsr.o
                0x0000000000001946                displayLastResetCause
 .text          0x00000000000019aa       0x32 console.o
                0x00000000000019aa                getKey
 .text          0x00000000000019dc      0x48c ds1820.o
                0x00000000000019e8                ow_input_pin_state
                0x00000000000019ee                ow_parasite_enable
                0x00000000000019f4                ow_parasite_disable
                0x00000000000019fa                ow_reset
                0x0000000000001a3c                ow_bit_io
                0x0000000000001a80                ow_byte_wr
                0x0000000000001aa2                ow_byte_rd
                0x0000000000001aaa                ow_command
                0x0000000000001b8c                ds1820_start_convert
                0x0000000000001baa                ds1820_get_temp
                0x0000000000001bca                ds1820_process
                0x0000000000001cc8                ow_rom_search
                0x0000000000001d5a                DS18X20_find_sensor
                0x0000000000001d8a                ds1820_search
 .text          0x0000000000001e68      0x6da Program.o
                0x0000000000001e68                printStep
                0x0000000000001e9c                printProgram
                0x0000000000001f10                printGlobalValues
                0x0000000000001f56                valueUpdateKey
                0x000000000000213a                mainKey
                0x000000000000217a                programSelectionDisplay
                0x00000000000021f2                stepSelectionDisplay
                0x00000000000022ea                programSelectionKey
                0x0000000000002386                valueSelectionDisplay
                0x00000000000023bc                stepSelectionKey
                0x0000000000002442                valueUpdateDisplay
                0x0000000000002468                clearValues
                0x0000000000002478                valueSelectionKey
 .text          0x0000000000002542        0x0 /usr/lib/gcc/avr/5.4.0/avr51/libgcc.a(_divmodhi4.o)
 .text          0x0000000000002542        0x0 /usr/lib/gcc/avr/5.4.0/avr51/libgcc.a(_udivmodsi4.o)
 .text          0x0000000000002542        0x0 /usr/lib/gcc/avr/5.4.0/avr51/libgcc.a(_exit.o)
 .text          0x0000000000002542        0x0 /usr/lib/gcc/avr/5.4.0/avr51/libgcc.a(_tablejump2.o)
 .text          0x0000000000002542        0x0 /usr/lib/gcc/avr/5.4.0/avr51/libgcc.a(_copy_data.o)
 .text          0x0000000000002542        0x0 /usr/lib/gcc/avr/5.4.0/avr51/libgcc.a(_clear_bss.o)
 .text          0x0000000000002542        0x0 /usr/lib/gcc/avr/5.4.0/avr51/libgcc.a(_umulhisi3.o)
 .text          0x0000000000002542        0x0 /usr/lib/gcc/avr/5.4.0/avr51/libgcc.a(_mulshisi3.o)
 .text          0x0000000000002542        0x0 /usr/lib/gcc/avr/5.4.0/avr51/libgcc.a(_prologue.o)
 .text          0x0000000000002542        0x0 /usr/lib/gcc/avr/5.4.0/avr51/libgcc.a(_epilogue.o)
 .text          0x0000000000002542        0x0 /usr/lib/gcc/avr/5.4.0/avr51/libgcc.a(_udivmodhi4.o)
 .text          0x0000000000002542        0x0 /usr/lib/gcc/avr/5.4.0/avr51/libgcc.a(_muluhisi3.o)
 .text          0x0000000000002542        0x0 /usr/lib/gcc/avr/5.4.0/../../../avr/lib/avr51/libc.a(calloc.o)
 .text          0x0000000000002542        0x0 /usr/lib/gcc/avr/5.4.0/../../../avr/lib/avr51/libc.a(malloc.o)
 .text          0x0000000000002542        0x0 /usr/lib/gcc/avr/5.4.0/../../../avr/lib/avr51/libc.a(strtol.o)
 .text          0x0000000000002542        0x0 /usr/lib/gcc/avr/5.4.0/../../../avr/lib/avr51/libc.a(atoi.o)
 .text          0x0000000000002542        0x0 /usr/lib/gcc/avr/5.4.0/../../../avr/lib/avr51/libc.a(isspace.o)
 .text          0x0000000000002542        0x0 /usr/lib/gcc/avr/5.4.0/../../../avr/lib/avr51/libc.a(memset.o)
 .text          0x0000000000002542        0x0 /usr/lib/gcc/avr/5.4.0/../../../avr/lib/avr51/libc.a(strcmp.o)
 .text          0x0000000000002542        0x0 /usr/lib/gcc/avr/5.4.0/../../../avr/lib/avr51/libc.a(strcpy.o)
 .text          0x0000000000002542        0x0 /usr/lib/gcc/avr/5.4.0/../../../avr/lib/avr51/libc.a(strlcpy.o)
 .text          0x0000000000002542        0x0 /usr/lib/gcc/avr/5.4.0/../../../avr/lib/avr51/libc.a(itoa_ncheck.o)
 .text          0x0000000000002542        0x0 /usr/lib/gcc/avr/5.4.0/../../../avr/lib/avr51/libc.a(mul10.o)
 .text          0x0000000000002542        0x0 /usr/lib/gcc/avr/5.4.0/../../../avr/lib/avr51/libc.a(utoa_ncheck.o)
 .text          0x0000000000002542        0x0 /usr/lib/gcc/avr/5.4.0/../../../avr/lib/avr51/libc.a(iob.o)
 .text          0x0000000000002542        0x0 /usr/lib/gcc/avr/5.4.0/../../../avr/lib/avr51/libc.a(printf.o)
 .text          0x0000000000002542        0x0 /usr/lib/gcc/avr/5.4.0/../../../avr/lib/avr51/libc.a(putchar.o)
 .text          0x0000000000002542        0x0 /usr/lib/gcc/avr/5.4.0/../../../avr/lib/avr51/libc.a(puts.o)
 .text          0x0000000000002542        0x0 /usr/lib/gcc/avr/5.4.0/../../../avr/lib/avr51/libc.a(sprintf.o)
 .text          0x0000000000002542        0x0 /usr/lib/gcc/avr/5.4.0/../../../avr/lib/avr51/libc.a(vsnprintf.o)
 .text          0x0000000000002542        0x0 /usr/lib/gcc/avr/5.4.0/../../../avr/lib/avr51/libc.a(vfprintf_std.o)
 .text          0x0000000000002542        0x0 /usr/lib/gcc/avr/5.4.0/../../../avr/lib/avr51/libc.a(errno.o)
 .text          0x0000000000002542        0x0 /usr/lib/gcc/avr/5.4.0/../../../avr/lib/avr51/libc.a(cty_isfalse.o)
 .text          0x0000000000002542        0x0 /usr/lib/gcc/avr/5.4.0/../../../avr/lib/avr51/libc.a(strnlen_P.o)
 .text          0x0000000000002542        0x0 /usr/lib/gcc/avr/5.4.0/../../../avr/lib/avr51/libc.a(strnlen.o)
 .text          0x0000000000002542        0x0 /usr/lib/gcc/avr/5.4.0/../../../avr/lib/avr51/libc.a(strrev.o)
 .text          0x0000000000002542        0x0 /usr/lib/gcc/avr/5.4.0/../../../avr/lib/avr51/libc.a(fputc.o)
 .text          0x0000000000002542        0x0 /usr/lib/gcc/avr/5.4.0/../../../avr/lib/avr51/libc.a(ultoa_invert.o)
 .text          0x0000000000002542        0x0 /usr/lib/gcc/avr/5.4.0/../../../avr/lib/avr51/libatmega128.a(eerd_block.o)
 .text          0x0000000000002542        0x0 /usr/lib/gcc/avr/5.4.0/../../../avr/lib/avr51/libatmega128.a(eewr_block.o)
 .text          0x0000000000002542        0x0 /usr/lib/gcc/avr/5.4.0/../../../avr/lib/avr51/libatmega128.a(eewr_byte.o)
 .text          0x0000000000002542        0x0 /usr/lib/gcc/avr/5.4.0/avr51/libgcc.a(_mulsi3.o)
                0x0000000000002542                . = ALIGN (0x2)
 *(.text.*)
 .text.startup  0x0000000000002542      0x132 main.o
                0x0000000000002542                main
 .text.libgcc.mul
                0x0000000000002674        0x0 /usr/lib/gcc/avr/5.4.0/avr51/libgcc.a(_divmodhi4.o)
 .text.libgcc.div
                0x0000000000002674       0x28 /usr/lib/gcc/avr/5.4.0/avr51/libgcc.a(_divmodhi4.o)
                0x0000000000002674                __divmodhi4
                0x0000000000002674                _div
 .text.libgcc   0x000000000000269c        0x0 /usr/lib/gcc/avr/5.4.0/avr51/libgcc.a(_divmodhi4.o)
 .text.libgcc.prologue
                0x000000000000269c        0x0 /usr/lib/gcc/avr/5.4.0/avr51/libgcc.a(_divmodhi4.o)
 .text.libgcc.builtins
                0x000000000000269c        0x0 /usr/lib/gcc/avr/5.4.0/avr51/libgcc.a(_divmodhi4.o)
 .text.libgcc.fmul
                0x000000000000269c        0x0 /usr/lib/gcc/avr/5.4.0/avr51/libgcc.a(_divmodhi4.o)
 .text.libgcc.fixed
                0x000000000000269c        0x0 /usr/lib/gcc/avr/5.4.0/avr51/libgcc.a(_divmodhi4.o)
 .text.libgcc.mul
                0x000000000000269c        0x0 /usr/lib/gcc/avr/5.4.0/avr51/libgcc.a(_udivmodsi4.o)
 .text.libgcc.div
                0x000000000000269c       0x44 /usr/lib/gcc/avr/5.4.0/avr51/libgcc.a(_udivmodsi4.o)
                0x000000000000269c                __udivmodsi4
 .text.libgcc   0x00000000000026e0        0x0 /usr/lib/gcc/avr/5.4.0/avr51/libgcc.a(_udivmodsi4.o)
 .text.libgcc.prologue
                0x00000000000026e0        0x0 /usr/lib/gcc/avr/5.4.0/avr51/libgcc.a(_udivmodsi4.o)
 .text.libgcc.builtins
                0x00000000000026e0        0x0 /usr/lib/gcc/avr/5.4.0/avr51/libgcc.a(_udivmodsi4.o)
 .text.libgcc.fmul
                0x00000000000026e0        0x0 /usr/lib/gcc/avr/5.4.0/avr51/libgcc.a(_udivmodsi4.o)
 .text.libgcc.fixed
                0x00000000000026e0        0x0 /usr/lib/gcc/avr/5.4.0/avr51/libgcc.a(_udivmodsi4.o)
 .text.libgcc.mul
                0x00000000000026e0        0x0 /usr/lib/gcc/avr/5.4.0/avr51/libgcc.a(_exit.o)
 .text.libgcc.div
                0x00000000000026e0        0x0 /usr/lib/gcc/avr/5.4.0/avr51/libgcc.a(_exit.o)
 .text.libgcc   0x00000000000026e0        0x0 /usr/lib/gcc/avr/5.4.0/avr51/libgcc.a(_exit.o)
 .text.libgcc.prologue
                0x00000000000026e0        0x0 /usr/lib/gcc/avr/5.4.0/avr51/libgcc.a(_exit.o)
 .text.libgcc.builtins
                0x00000000000026e0        0x0 /usr/lib/gcc/avr/5.4.0/avr51/libgcc.a(_exit.o)
 .text.libgcc.fmul
                0x00000000000026e0        0x0 /usr/lib/gcc/avr/5.4.0/avr51/libgcc.a(_exit.o)
 .text.libgcc.fixed
                0x00000000000026e0        0x0 /usr/lib/gcc/avr/5.4.0/avr51/libgcc.a(_exit.o)
 .text.libgcc.mul
                0x00000000000026e0        0x0 /usr/lib/gcc/avr/5.4.0/avr51/libgcc.a(_tablejump2.o)
 .text.libgcc.div
                0x00000000000026e0        0x0 /usr/lib/gcc/avr/5.4.0/avr51/libgcc.a(_tablejump2.o)
 .text.libgcc   0x00000000000026e0       0x12 /usr/lib/gcc/avr/5.4.0/avr51/libgcc.a(_tablejump2.o)
                0x00000000000026e0                __tablejump2__
 .text.libgcc.prologue
                0x00000000000026f2        0x0 /usr/lib/gcc/avr/5.4.0/avr51/libgcc.a(_tablejump2.o)
 .text.libgcc.builtins
                0x00000000000026f2        0x0 /usr/lib/gcc/avr/5.4.0/avr51/libgcc.a(_tablejump2.o)
 .text.libgcc.fmul
                0x00000000000026f2        0x0 /usr/lib/gcc/avr/5.4.0/avr51/libgcc.a(_tablejump2.o)
 .text.libgcc.fixed
                0x00000000000026f2        0x0 /usr/lib/gcc/avr/5.4.0/avr51/libgcc.a(_tablejump2.o)
 .text.libgcc.mul
                0x00000000000026f2        0x0 /usr/lib/gcc/avr/5.4.0/avr51/libgcc.a(_copy_data.o)
 .text.libgcc.div
                0x00000000000026f2        0x0 /usr/lib/gcc/avr/5.4.0/avr51/libgcc.a(_copy_data.o)
 .text.libgcc   0x00000000000026f2        0x0 /usr/lib/gcc/avr/5.4.0/avr51/libgcc.a(_copy_data.o)
 .text.libgcc.prologue
                0x00000000000026f2        0x0 /usr/lib/gcc/avr/5.4.0/avr51/libgcc.a(_copy_data.o)
 .text.libgcc.builtins
                0x00000000000026f2        0x0 /usr/lib/gcc/avr/5.4.0/avr51/libgcc.a(_copy_data.o)
 .text.libgcc.fmul
                0x00000000000026f2        0x0 /usr/lib/gcc/avr/5.4.0/avr51/libgcc.a(_copy_data.o)
 .text.libgcc.fixed
                0x00000000000026f2        0x0 /usr/lib/gcc/avr/5.4.0/avr51/libgcc.a(_copy_data.o)
 .text.libgcc.mul
                0x00000000000026f2        0x0 /usr/lib/gcc/avr/5.4.0/avr51/libgcc.a(_clear_bss.o)
 .text.libgcc.div
                0x00000000000026f2        0x0 /usr/lib/gcc/avr/5.4.0/avr51/libgcc.a(_clear_bss.o)
 .text.libgcc   0x00000000000026f2        0x0 /usr/lib/gcc/avr/5.4.0/avr51/libgcc.a(_clear_bss.o)
 .text.libgcc.prologue
                0x00000000000026f2        0x0 /usr/lib/gcc/avr/5.4.0/avr51/libgcc.a(_clear_bss.o)
 .text.libgcc.builtins
                0x00000000000026f2        0x0 /usr/lib/gcc/avr/5.4.0/avr51/libgcc.a(_clear_bss.o)
 .text.libgcc.fmul
                0x00000000000026f2        0x0 /usr/lib/gcc/avr/5.4.0/avr51/libgcc.a(_clear_bss.o)
 .text.libgcc.fixed
                0x00000000000026f2        0x0 /usr/lib/gcc/avr/5.4.0/avr51/libgcc.a(_clear_bss.o)
 .text.libgcc.mul
                0x00000000000026f2       0x1e /usr/lib/gcc/avr/5.4.0/avr51/libgcc.a(_umulhisi3.o)
                0x00000000000026f2                __umulhisi3
 .text.libgcc.div
                0x0000000000002710        0x0 /usr/lib/gcc/avr/5.4.0/avr51/libgcc.a(_umulhisi3.o)
 .text.libgcc   0x0000000000002710        0x0 /usr/lib/gcc/avr/5.4.0/avr51/libgcc.a(_umulhisi3.o)
 .text.libgcc.prologue
                0x0000000000002710        0x0 /usr/lib/gcc/avr/5.4.0/avr51/libgcc.a(_umulhisi3.o)
 .text.libgcc.builtins
                0x0000000000002710        0x0 /usr/lib/gcc/avr/5.4.0/avr51/libgcc.a(_umulhisi3.o)
 .text.libgcc.fmul
                0x0000000000002710        0x0 /usr/lib/gcc/avr/5.4.0/avr51/libgcc.a(_umulhisi3.o)
 .text.libgcc.fixed
                0x0000000000002710        0x0 /usr/lib/gcc/avr/5.4.0/avr51/libgcc.a(_umulhisi3.o)
 .text.libgcc.mul
                0x0000000000002710       0x10 /usr/lib/gcc/avr/5.4.0/avr51/libgcc.a(_mulshisi3.o)
                0x0000000000002710                __mulshisi3
                0x0000000000002716                __mulohisi3
 .text.libgcc.div
                0x0000000000002720        0x0 /usr/lib/gcc/avr/5.4.0/avr51/libgcc.a(_mulshisi3.o)
 .text.libgcc   0x0000000000002720        0x0 /usr/lib/gcc/avr/5.4.0/avr51/libgcc.a(_mulshisi3.o)
 .text.libgcc.prologue
                0x0000000000002720        0x0 /usr/lib/gcc/avr/5.4.0/avr51/libgcc.a(_mulshisi3.o)
 .text.libgcc.builtins
                0x0000000000002720        0x0 /usr/lib/gcc/avr/5.4.0/avr51/libgcc.a(_mulshisi3.o)
 .text.libgcc.fmul
                0x0000000000002720        0x0 /usr/lib/gcc/avr/5.4.0/avr51/libgcc.a(_mulshisi3.o)
 .text.libgcc.fixed
                0x0000000000002720        0x0 /usr/lib/gcc/avr/5.4.0/avr51/libgcc.a(_mulshisi3.o)
 .text.libgcc.mul
                0x0000000000002720        0x0 /usr/lib/gcc/avr/5.4.0/avr51/libgcc.a(_prologue.o)
 .text.libgcc.div
                0x0000000000002720        0x0 /usr/lib/gcc/avr/5.4.0/avr51/libgcc.a(_prologue.o)
 .text.libgcc   0x0000000000002720        0x0 /usr/lib/gcc/avr/5.4.0/avr51/libgcc.a(_prologue.o)
 .text.libgcc.prologue
                0x0000000000002720       0x38 /usr/lib/gcc/avr/5.4.0/avr51/libgcc.a(_prologue.o)
                0x0000000000002720                __prologue_saves__
 .text.libgcc.builtins
                0x0000000000002758        0x0 /usr/lib/gcc/avr/5.4.0/avr51/libgcc.a(_prologue.o)
 .text.libgcc.fmul
                0x0000000000002758        0x0 /usr/lib/gcc/avr/5.4.0/avr51/libgcc.a(_prologue.o)
 .text.libgcc.fixed
                0x0000000000002758        0x0 /usr/lib/gcc/avr/5.4.0/avr51/libgcc.a(_prologue.o)
 .text.libgcc.mul
                0x0000000000002758        0x0 /usr/lib/gcc/avr/5.4.0/avr51/libgcc.a(_epilogue.o)
 .text.libgcc.div
                0x0000000000002758        0x0 /usr/lib/gcc/avr/5.4.0/avr51/libgcc.a(_epilogue.o)
 .text.libgcc   0x0000000000002758        0x0 /usr/lib/gcc/avr/5.4.0/avr51/libgcc.a(_epilogue.o)
 .text.libgcc.prologue
                0x0000000000002758       0x36 /usr/lib/gcc/avr/5.4.0/avr51/libgcc.a(_epilogue.o)
                0x0000000000002758                __epilogue_restores__
 .text.libgcc.builtins
                0x000000000000278e        0x0 /usr/lib/gcc/avr/5.4.0/avr51/libgcc.a(_epilogue.o)
 .text.libgcc.fmul
                0x000000000000278e        0x0 /usr/lib/gcc/avr/5.4.0/avr51/libgcc.a(_epilogue.o)
 .text.libgcc.fixed
                0x000000000000278e        0x0 /usr/lib/gcc/avr/5.4.0/avr51/libgcc.a(_epilogue.o)
 .text.libgcc.mul
                0x000000000000278e        0x0 /usr/lib/gcc/avr/5.4.0/avr51/libgcc.a(_udivmodhi4.o)
 .text.libgcc.div
                0x000000000000278e       0x28 /usr/lib/gcc/avr/5.4.0/avr51/libgcc.a(_udivmodhi4.o)
                0x000000000000278e                __udivmodhi4
 .text.libgcc   0x00000000000027b6        0x0 /usr/lib/gcc/avr/5.4.0/avr51/libgcc.a(_udivmodhi4.o)
 .text.libgcc.prologue
                0x00000000000027b6        0x0 /usr/lib/gcc/avr/5.4.0/avr51/libgcc.a(_udivmodhi4.o)
 .text.libgcc.builtins
                0x00000000000027b6        0x0 /usr/lib/gcc/avr/5.4.0/avr51/libgcc.a(_udivmodhi4.o)
 .text.libgcc.fmul
                0x00000000000027b6        0x0 /usr/lib/gcc/avr/5.4.0/avr51/libgcc.a(_udivmodhi4.o)
 .text.libgcc.fixed
                0x00000000000027b6        0x0 /usr/lib/gcc/avr/5.4.0/avr51/libgcc.a(_udivmodhi4.o)
 .text.libgcc.mul
                0x00000000000027b6       0x16 /usr/lib/gcc/avr/5.4.0/avr51/libgcc.a(_muluhisi3.o)
                0x00000000000027b6                __muluhisi3
 .text.libgcc.div
                0x00000000000027cc        0x0 /usr/lib/gcc/avr/5.4.0/avr51/libgcc.a(_muluhisi3.o)
 .text.libgcc   0x00000000000027cc        0x0 /usr/lib/gcc/avr/5.4.0/avr51/libgcc.a(_muluhisi3.o)
 .text.libgcc.prologue
                0x00000000000027cc        0x0 /usr/lib/gcc/avr/5.4.0/avr51/libgcc.a(_muluhisi3.o)
 .text.libgcc.builtins
                0x00000000000027cc        0x0 /usr/lib/gcc/avr/5.4.0/avr51/libgcc.a(_muluhisi3.o)
 .text.libgcc.fmul
                0x00000000000027cc        0x0 /usr/lib/gcc/avr/5.4.0/avr51/libgcc.a(_muluhisi3.o)
 .text.libgcc.fixed
                0x00000000000027cc        0x0 /usr/lib/gcc/avr/5.4.0/avr51/libgcc.a(_muluhisi3.o)
 .text.avr-libc
                0x00000000000027cc       0x38 /usr/lib/gcc/avr/5.4.0/../../../avr/lib/avr51/libc.a(calloc.o)
                0x00000000000027cc                calloc
 .text.avr-libc
                0x0000000000002804      0x242 /usr/lib/gcc/avr/5.4.0/../../../avr/lib/avr51/libc.a(malloc.o)
                0x0000000000002804                malloc
                0x0000000000002934                free
 .text.avr-libc
                0x0000000000002a46      0x25c /usr/lib/gcc/avr/5.4.0/../../../avr/lib/avr51/libc.a(strtol.o)
                0x0000000000002a46                strtol
 .text.avr-libc
                0x0000000000002ca2       0x3c /usr/lib/gcc/avr/5.4.0/../../../avr/lib/avr51/libc.a(atoi.o)
                0x0000000000002ca2                atoi
 .text.avr-libc
                0x0000000000002cde       0x12 /usr/lib/gcc/avr/5.4.0/../../../avr/lib/avr51/libc.a(isspace.o)
                0x0000000000002cde                isspace
 .text.avr-libc
                0x0000000000002cf0        0xe /usr/lib/gcc/avr/5.4.0/../../../avr/lib/avr51/libc.a(memset.o)
                0x0000000000002cf0                memset
 .text.avr-libc
                0x0000000000002cfe       0x12 /usr/lib/gcc/avr/5.4.0/../../../avr/lib/avr51/libc.a(strcmp.o)
                0x0000000000002cfe                strcmp
 .text.avr-libc
                0x0000000000002d10        0xe /usr/lib/gcc/avr/5.4.0/../../../avr/lib/avr51/libc.a(strcpy.o)
                0x0000000000002d10                strcpy
 .text.avr-libc
                0x0000000000002d1e       0x28 /usr/lib/gcc/avr/5.4.0/../../../avr/lib/avr51/libc.a(strlcpy.o)
                0x0000000000002d1e                strlcpy
 .text.avr-libc
                0x0000000000002d46       0x16 /usr/lib/gcc/avr/5.4.0/../../../avr/lib/avr51/libc.a(itoa_ncheck.o)
                0x0000000000002d46                __itoa_ncheck
 .text.avr-libc
                0x0000000000002d5c       0x10 /usr/lib/gcc/avr/5.4.0/../../../avr/lib/avr51/libc.a(mul10.o)
                0x0000000000002d5c                __mulhi_const_10
 .text.avr-libc
                0x0000000000002d6c       0x34 /usr/lib/gcc/avr/5.4.0/../../../avr/lib/avr51/libc.a(utoa_ncheck.o)
                0x0000000000002d6c                __utoa_ncheck
                0x0000000000002d6e                __utoa_common
 .text.avr-libc
                0x0000000000002da0       0x28 /usr/lib/gcc/avr/5.4.0/../../../avr/lib/avr51/libc.a(printf.o)
                0x0000000000002da0                printf
 .text.avr-libc
                0x0000000000002dc8        0xc /usr/lib/gcc/avr/5.4.0/../../../avr/lib/avr51/libc.a(putchar.o)
                0x0000000000002dc8                putchar
 .text.avr-libc
                0x0000000000002dd4       0x60 /usr/lib/gcc/avr/5.4.0/../../../avr/lib/avr51/libc.a(puts.o)
                0x0000000000002dd4                puts
 .text.avr-libc
                0x0000000000002e34       0x5e /usr/lib/gcc/avr/5.4.0/../../../avr/lib/avr51/libc.a(sprintf.o)
                0x0000000000002e34                sprintf
 .text.avr-libc
                0x0000000000002e92       0x72 /usr/lib/gcc/avr/5.4.0/../../../avr/lib/avr51/libc.a(vsnprintf.o)
                0x0000000000002e92                vsnprintf
 .text.avr-libc
                0x0000000000002f04      0x414 /usr/lib/gcc/avr/5.4.0/../../../avr/lib/avr51/libc.a(vfprintf_std.o)
                0x0000000000002f04                vfprintf
 .text.avr-libc
                0x0000000000003318        0x6 /usr/lib/gcc/avr/5.4.0/../../../avr/lib/avr51/libc.a(cty_isfalse.o)
                0x0000000000003318                __ctype_isfalse
                0x000000000000331c                __ctype_istrue
 .text.avr-libc
                0x000000000000331e       0x16 /usr/lib/gcc/avr/5.4.0/../../../avr/lib/avr51/libc.a(strnlen_P.o)
                0x000000000000331e                strnlen_P
 .text.avr-libc
                0x0000000000003334       0x16 /usr/lib/gcc/avr/5.4.0/../../../avr/lib/avr51/libc.a(strnlen.o)
                0x0000000000003334                strnlen
 .text.avr-libc
                0x000000000000334a       0x20 /usr/lib/gcc/avr/5.4.0/../../../avr/lib/avr51/libc.a(strrev.o)
                0x000000000000334a                strrev
 .text.avr-libc
                0x000000000000336a       0x78 /usr/lib/gcc/avr/5.4.0/../../../avr/lib/avr51/libc.a(fputc.o)
                0x000000000000336a                fputc
 .text.avr-libc
                0x00000000000033e2       0xbc /usr/lib/gcc/avr/5.4.0/../../../avr/lib/avr51/libc.a(ultoa_invert.o)
                0x00000000000033e2                __ultoa_invert
 .text.avr-libc
                0x000000000000349e       0x20 /usr/lib/gcc/avr/5.4.0/../../../avr/lib/avr51/libatmega128.a(eerd_block.o)
                0x000000000000349e                eeprom_read_block
                0x00000000000034a2                eeprom_read_blraw
 .text.avr-libc
                0x00000000000034be       0x14 /usr/lib/gcc/avr/5.4.0/../../../avr/lib/avr51/libatmega128.a(eewr_block.o)
                0x00000000000034be                eeprom_write_block
 .text.avr-libc
                0x00000000000034d2       0x1a /usr/lib/gcc/avr/5.4.0/../../../avr/lib/avr51/libatmega128.a(eewr_byte.o)
                0x00000000000034d2                eeprom_write_byte
                0x00000000000034d4                eeprom_write_r18
 .text.libgcc.mul
                0x00000000000034ec       0x20 /usr/lib/gcc/avr/5.4.0/avr51/libgcc.a(_mulsi3.o)
                0x00000000000034ec                __mulsi3
 .text.libgcc.div
                0x000000000000350c        0x0 /usr/lib/gcc/avr/5.4.0/avr51/libgcc.a(_mulsi3.o)
 .text.libgcc   0x000000000000350c        0x0 /usr/lib/gcc/avr/5.4.0/avr51/libgcc.a(_mulsi3.o)
 .text.libgcc.prologue
                0x000000000000350c        0x0 /usr/lib/gcc/avr/5.4.0/avr51/libgcc.a(_mulsi3.o)
 .text.libgcc.builtins
                0x000000000000350c        0x0 /usr/lib/gcc/avr/5.4.0/avr51/libgcc.a(_mulsi3.o)
 .text.libgcc.fmul
                0x000000000000350c        0x0 /usr/lib/gcc/avr/5.4.0/avr51/libgcc.a(_mulsi3.o)
 .text.libgcc.fixed
                0x000000000000350c        0x0 /usr/lib/gcc/avr/5.4.0/avr51/libgcc.a(_mulsi3.o)
                0x000000000000350c                . = ALIGN (0x2)
 *(.fini9)
 .fini9         0x000000000000350c        0x0 /usr/lib/gcc/avr/5.4.0/avr51/libgcc.a(_exit.o)
                0x000000000000350c                exit
                0x000000000000350c                _exit
 *(.fini9)
 *(.fini8)
 .fini8         0x000000000000350c       0x50 main.o
                0x000000000000350c                exit_message
 *(.fini8)
 *(.fini7)
 *(.fini7)
 *(.fini6)
 *(.fini6)
 *(.fini5)
 *(.fini5)
 *(.fini4)
 *(.fini4)
 *(.fini3)
 *(.fini3)
 *(.fini2)
 *(.fini2)
 *(.fini1)
 *(.fini1)
 *(.fini0)
 .fini0         0x000000000000355c        0x4 /usr/lib/gcc/avr/5.4.0/avr51/libgcc.a(_exit.o)
 *(.fini0)
                0x0000000000003560                _etext = .

.data           0x0000000000800100      0xb26 load address 0x0000000000003560
                0x0000000000800100                PROVIDE (__data_start, .)
 *(.data)
 .data          0x0000000000800100        0x0 /usr/lib/gcc/avr/5.4.0/../../../avr/lib/avr51/crtatmega128.o
 .data          0x0000000000800100       0xa5 main.o
                0x0000000000800100                AutoAppletName
                0x0000000000800102                MainAppletName
                0x0000000000800104                program
 .data          0x00000000008001a5        0x0 hd44780.o
 .data          0x00000000008001a5        0x0 delay.o
 .data          0x00000000008001a5        0xe UART_routines.o
                0x00000000008001a5                uart_str
 .data          0x00000000008001b3        0x0 RTC_routines.o
 .data          0x00000000008001b3        0x0 i2c_routines.o
 .data          0x00000000008001b3        0x1 keypad.o
 .data          0x00000000008001b4        0x0 Interrupts.o
 .data          0x00000000008001b4       0x70 PCF_routines.o
 .data          0x0000000000800224        0x0 timer.o
 .data          0x0000000000800224        0x0 adc.o
 .data          0x0000000000800224        0x0 pwm.o
 .data          0x0000000000800224        0x0 AutoProgram.o
 .data          0x0000000000800224        0x0 Applet.o
 .data          0x0000000000800224        0x0 eepromStruct.o
 .data          0x0000000000800224        0x0 mcucsr.o
 .data          0x0000000000800224        0x0 console.o
 .data          0x0000000000800224        0x0 ds1820.o
 .data          0x0000000000800224        0x0 Program.o
 .data          0x0000000000800224        0x0 /usr/lib/gcc/avr/5.4.0/avr51/libgcc.a(_divmodhi4.o)
 .data          0x0000000000800224        0x0 /usr/lib/gcc/avr/5.4.0/avr51/libgcc.a(_udivmodsi4.o)
 .data          0x0000000000800224        0x0 /usr/lib/gcc/avr/5.4.0/avr51/libgcc.a(_exit.o)
 .data          0x0000000000800224        0x0 /usr/lib/gcc/avr/5.4.0/avr51/libgcc.a(_tablejump2.o)
 .data          0x0000000000800224        0x0 /usr/lib/gcc/avr/5.4.0/avr51/libgcc.a(_copy_data.o)
 .data          0x0000000000800224        0x0 /usr/lib/gcc/avr/5.4.0/avr51/libgcc.a(_clear_bss.o)
 .data          0x0000000000800224        0x0 /usr/lib/gcc/avr/5.4.0/avr51/libgcc.a(_umulhisi3.o)
 .data          0x0000000000800224        0x0 /usr/lib/gcc/avr/5.4.0/avr51/libgcc.a(_mulshisi3.o)
 .data          0x0000000000800224        0x0 /usr/lib/gcc/avr/5.4.0/avr51/libgcc.a(_prologue.o)
 .data          0x0000000000800224        0x0 /usr/lib/gcc/avr/5.4.0/avr51/libgcc.a(_epilogue.o)
 .data          0x0000000000800224        0x0 /usr/lib/gcc/avr/5.4.0/avr51/libgcc.a(_udivmodhi4.o)
 .data          0x0000000000800224        0x0 /usr/lib/gcc/avr/5.4.0/avr51/libgcc.a(_muluhisi3.o)
 .data          0x0000000000800224        0x0 /usr/lib/gcc/avr/5.4.0/../../../avr/lib/avr51/libc.a(calloc.o)
 .data          0x0000000000800224        0x6 /usr/lib/gcc/avr/5.4.0/../../../avr/lib/avr51/libc.a(malloc.o)
                0x0000000000800224                __malloc_heap_end
                0x0000000000800226                __malloc_heap_start
                0x0000000000800228                __malloc_margin
 .data          0x000000000080022a        0x0 /usr/lib/gcc/avr/5.4.0/../../../avr/lib/avr51/libc.a(strtol.o)
 .data          0x000000000080022a        0x0 /usr/lib/gcc/avr/5.4.0/../../../avr/lib/avr51/libc.a(atoi.o)
 .data          0x000000000080022a        0x0 /usr/lib/gcc/avr/5.4.0/../../../avr/lib/avr51/libc.a(isspace.o)
 .data          0x000000000080022a        0x0 /usr/lib/gcc/avr/5.4.0/../../../avr/lib/avr51/libc.a(memset.o)
 .data          0x000000000080022a        0x0 /usr/lib/gcc/avr/5.4.0/../../../avr/lib/avr51/libc.a(strcmp.o)
 .data          0x000000000080022a        0x0 /usr/lib/gcc/avr/5.4.0/../../../avr/lib/avr51/libc.a(strcpy.o)
 .data          0x000000000080022a        0x0 /usr/lib/gcc/avr/5.4.0/../../../avr/lib/avr51/libc.a(strlcpy.o)
 .data          0x000000000080022a        0x0 /usr/lib/gcc/avr/5.4.0/../../../avr/lib/avr51/libc.a(itoa_ncheck.o)
 .data          0x000000000080022a        0x0 /usr/lib/gcc/avr/5.4.0/../../../avr/lib/avr51/libc.a(mul10.o)
 .data          0x000000000080022a        0x0 /usr/lib/gcc/avr/5.4.0/../../../avr/lib/avr51/libc.a(utoa_ncheck.o)
 .data          0x000000000080022a        0x0 /usr/lib/gcc/avr/5.4.0/../../../avr/lib/avr51/libc.a(iob.o)
 .data          0x000000000080022a        0x0 /usr/lib/gcc/avr/5.4.0/../../../avr/lib/avr51/libc.a(printf.o)
 .data          0x000000000080022a        0x0 /usr/lib/gcc/avr/5.4.0/../../../avr/lib/avr51/libc.a(putchar.o)
 .data          0x000000000080022a        0x0 /usr/lib/gcc/avr/5.4.0/../../../avr/lib/avr51/libc.a(puts.o)
 .data          0x000000000080022a        0x0 /usr/lib/gcc/avr/5.4.0/../../../avr/lib/avr51/libc.a(sprintf.o)
 .data          0x000000000080022a        0x0 /usr/lib/gcc/avr/5.4.0/../../../avr/lib/avr51/libc.a(vsnprintf.o)
 .data          0x000000000080022a        0x0 /usr/lib/gcc/avr/5.4.0/../../../avr/lib/avr51/libc.a(vfprintf_std.o)
 .data          0x000000000080022a        0x0 /usr/lib/gcc/avr/5.4.0/../../../avr/lib/avr51/libc.a(errno.o)
 .data          0x000000000080022a        0x0 /usr/lib/gcc/avr/5.4.0/../../../avr/lib/avr51/libc.a(cty_isfalse.o)
 .data          0x000000000080022a        0x0 /usr/lib/gcc/avr/5.4.0/../../../avr/lib/avr51/libc.a(strnlen_P.o)
 .data          0x000000000080022a        0x0 /usr/lib/gcc/avr/5.4.0/../../../avr/lib/avr51/libc.a(strnlen.o)
 .data          0x000000000080022a        0x0 /usr/lib/gcc/avr/5.4.0/../../../avr/lib/avr51/libc.a(strrev.o)
 .data          0x000000000080022a        0x0 /usr/lib/gcc/avr/5.4.0/../../../avr/lib/avr51/libc.a(fputc.o)
 .data          0x000000000080022a        0x0 /usr/lib/gcc/avr/5.4.0/../../../avr/lib/avr51/libc.a(ultoa_invert.o)
 .data          0x000000000080022a        0x0 /usr/lib/gcc/avr/5.4.0/../../../avr/lib/avr51/libatmega128.a(eerd_block.o)
 .data          0x000000000080022a        0x0 /usr/lib/gcc/avr/5.4.0/../../../avr/lib/avr51/libatmega128.a(eewr_block.o)
 .data          0x000000000080022a        0x0 /usr/lib/gcc/avr/5.4.0/../../../avr/lib/avr51/libatmega128.a(eewr_byte.o)
 .data          0x000000000080022a        0x0 /usr/lib/gcc/avr/5.4.0/avr51/libgcc.a(_mulsi3.o)
 *(.data*)
 *(.rodata)
 .rodata        0x000000000080022a        0x8 main.o
                0x000000000080022a                PWM_PE5_STATE
                0x000000000080022c                PWM_PE4_STATE
                0x000000000080022e                PWM_PE3_STATE
                0x0000000000800230                PWM_FREQ
 .rodata        0x0000000000800232       0x14 pwm.o
 .rodata        0x0000000000800246       0x12 ds1820.o
 *(.rodata*)
 .rodata.str1.1
                0x0000000000800258       0xd3 main.o
 .rodata.str1.1
                0x000000000080032b      0x1de RTC_routines.o
                                        0x1e0 (size before relaxing)
 .rodata.str1.1
                0x0000000000800509       0x56 pwm.o
 .rodata.str1.1
                0x000000000080055f       0x1e AutoProgram.o
 .rodata.str1.1
                0x000000000080057d       0xde eepromStruct.o
 .rodata.str1.1
                0x000000000080065b       0x7e mcucsr.o
 .rodata.str1.1
                0x00000000008006d9       0x35 ds1820.o
                                         0x37 (size before relaxing)
 .rodata.str1.1
                0x000000000080070e      0x518 Program.o
                                        0x523 (size before relaxing)
 *(.gnu.linkonce.d*)
                0x0000000000800c26                . = ALIGN (0x2)
                0x0000000000800c26                _edata = .
                0x0000000000800c26                PROVIDE (__data_end, .)

.bss            0x0000000000800c26      0x1db
                0x0000000000800c26                PROVIDE (__bss_start, .)
 *(.bss)
 .bss           0x0000000000800c26        0x0 /usr/lib/gcc/avr/5.4.0/../../../avr/lib/avr51/crtatmega128.o
 .bss           0x0000000000800c26        0x1 main.o
                0x0000000000800c26                current_pwm_pct
 .bss           0x0000000000800c27        0x1 hd44780.o
 .bss           0x0000000000800c28        0x0 delay.o
 .bss           0x0000000000800c28        0x0 UART_routines.o
 .bss           0x0000000000800c28        0x3 RTC_routines.o
 .bss           0x0000000000800c2b        0x0 i2c_routines.o
 .bss           0x0000000000800c2b        0x1 keypad.o
 .bss           0x0000000000800c2c        0x0 Interrupts.o
 .bss           0x0000000000800c2c        0x0 PCF_routines.o
 .bss           0x0000000000800c2c        0x4 timer.o
                0x0000000000800c2c                g_ticks
 .bss           0x0000000000800c30        0x1 adc.o
 .bss           0x0000000000800c31        0x4 pwm.o
                0x0000000000800c31                top
 .bss           0x0000000000800c35        0x0 AutoProgram.o
 .bss           0x0000000000800c35        0x0 Applet.o
 .bss           0x0000000000800c35        0x0 eepromStruct.o
 .bss           0x0000000000800c35        0x0 mcucsr.o
 .bss           0x0000000000800c35        0x0 console.o
 .bss           0x0000000000800c35       0x18 ds1820.o
 .bss           0x0000000000800c4d       0x14 Program.o
 .bss           0x0000000000800c61        0x0 /usr/lib/gcc/avr/5.4.0/avr51/libgcc.a(_divmodhi4.o)
 .bss           0x0000000000800c61        0x0 /usr/lib/gcc/avr/5.4.0/avr51/libgcc.a(_udivmodsi4.o)
 .bss           0x0000000000800c61        0x0 /usr/lib/gcc/avr/5.4.0/avr51/libgcc.a(_exit.o)
 .bss           0x0000000000800c61        0x0 /usr/lib/gcc/avr/5.4.0/avr51/libgcc.a(_tablejump2.o)
 .bss           0x0000000000800c61        0x0 /usr/lib/gcc/avr/5.4.0/avr51/libgcc.a(_copy_data.o)
 .bss           0x0000000000800c61        0x0 /usr/lib/gcc/avr/5.4.0/avr51/libgcc.a(_clear_bss.o)
 .bss           0x0000000000800c61        0x0 /usr/lib/gcc/avr/5.4.0/avr51/libgcc.a(_umulhisi3.o)
 .bss           0x0000000000800c61        0x0 /usr/lib/gcc/avr/5.4.0/avr51/libgcc.a(_mulshisi3.o)
 .bss           0x0000000000800c61        0x0 /usr/lib/gcc/avr/5.4.0/avr51/libgcc.a(_prologue.o)
 .bss           0x0000000000800c61        0x0 /usr/lib/gcc/avr/5.4.0/avr51/libgcc.a(_epilogue.o)
 .bss           0x0000000000800c61        0x0 /usr/lib/gcc/avr/5.4.0/avr51/libgcc.a(_udivmodhi4.o)
 .bss           0x0000000000800c61        0x0 /usr/lib/gcc/avr/5.4.0/avr51/libgcc.a(_muluhisi3.o)
 .bss           0x0000000000800c61        0x0 /usr/lib/gcc/avr/5.4.0/../../../avr/lib/avr51/libc.a(calloc.o)
 .bss           0x0000000000800c61        0x0 /usr/lib/gcc/avr/5.4.0/../../../avr/lib/avr51/libc.a(malloc.o)
 .bss           0x0000000000800c61        0x0 /usr/lib/gcc/avr/5.4.0/../../../avr/lib/avr51/libc.a(strtol.o)
 .bss           0x0000000000800c61        0x0 /usr/lib/gcc/avr/5.4.0/../../../avr/lib/avr51/libc.a(atoi.o)
 .bss           0x0000000000800c61        0x0 /usr/lib/gcc/avr/5.4.0/../../../avr/lib/avr51/libc.a(isspace.o)
 .bss           0x0000000000800c61        0x0 /usr/lib/gcc/avr/5.4.0/../../../avr/lib/avr51/libc.a(memset.o)
 .bss           0x0000000000800c61        0x0 /usr/lib/gcc/avr/5.4.0/../../../avr/lib/avr51/libc.a(strcmp.o)
 .bss           0x0000000000800c61        0x0 /usr/lib/gcc/avr/5.4.0/../../../avr/lib/avr51/libc.a(strcpy.o)
 .bss           0x0000000000800c61        0x0 /usr/lib/gcc/avr/5.4.0/../../../avr/lib/avr51/libc.a(strlcpy.o)
 .bss           0x0000000000800c61        0x0 /usr/lib/gcc/avr/5.4.0/../../../avr/lib/avr51/libc.a(itoa_ncheck.o)
 .bss           0x0000000000800c61        0x0 /usr/lib/gcc/avr/5.4.0/../../../avr/lib/avr51/libc.a(mul10.o)
 .bss           0x0000000000800c61        0x0 /usr/lib/gcc/avr/5.4.0/../../../avr/lib/avr51/libc.a(utoa_ncheck.o)
 .bss           0x0000000000800c61        0x0 /usr/lib/gcc/avr/5.4.0/../../../avr/lib/avr51/libc.a(iob.o)
 .bss           0x0000000000800c61        0x0 /usr/lib/gcc/avr/5.4.0/../../../avr/lib/avr51/libc.a(printf.o)
 .bss           0x0000000000800c61        0x0 /usr/lib/gcc/avr/5.4.0/../../../avr/lib/avr51/libc.a(putchar.o)
 .bss           0x0000000000800c61        0x0 /usr/lib/gcc/avr/5.4.0/../../../avr/lib/avr51/libc.a(puts.o)
 .bss           0x0000000000800c61        0x0 /usr/lib/gcc/avr/5.4.0/../../../avr/lib/avr51/libc.a(sprintf.o)
 .bss           0x0000000000800c61        0x0 /usr/lib/gcc/avr/5.4.0/../../../avr/lib/avr51/libc.a(vsnprintf.o)
 .bss           0x0000000000800c61        0x0 /usr/lib/gcc/avr/5.4.0/../../../avr/lib/avr51/libc.a(vfprintf_std.o)
 .bss           0x0000000000800c61        0x0 /usr/lib/gcc/avr/5.4.0/../../../avr/lib/avr51/libc.a(errno.o)
 .bss           0x0000000000800c61        0x0 /usr/lib/gcc/avr/5.4.0/../../../avr/lib/avr51/libc.a(cty_isfalse.o)
 .bss           0x0000000000800c61        0x0 /usr/lib/gcc/avr/5.4.0/../../../avr/lib/avr51/libc.a(strnlen_P.o)
 .bss           0x0000000000800c61        0x0 /usr/lib/gcc/avr/5.4.0/../../../avr/lib/avr51/libc.a(strnlen.o)
 .bss           0x0000000000800c61        0x0 /usr/lib/gcc/avr/5.4.0/../../../avr/lib/avr51/libc.a(strrev.o)
 .bss           0x0000000000800c61        0x0 /usr/lib/gcc/avr/5.4.0/../../../avr/lib/avr51/libc.a(fputc.o)
 .bss           0x0000000000800c61        0x0 /usr/lib/gcc/avr/5.4.0/../../../avr/lib/avr51/libc.a(ultoa_invert.o)
 .bss           0x0000000000800c61        0x0 /usr/lib/gcc/avr/5.4.0/../../../avr/lib/avr51/libatmega128.a(eerd_block.o)
 .bss           0x0000000000800c61        0x0 /usr/lib/gcc/avr/5.4.0/../../../avr/lib/avr51/libatmega128.a(eewr_block.o)
 .bss           0x0000000000800c61        0x0 /usr/lib/gcc/avr/5.4.0/../../../avr/lib/avr51/libatmega128.a(eewr_byte.o)
 .bss           0x0000000000800c61        0x0 /usr/lib/gcc/avr/5.4.0/avr51/libgcc.a(_mulsi3.o)
 *(.bss*)
 *(COMMON)
 COMMON         0x0000000000800c61        0x4 main.o
                0x0000000000800c61                MainApplet
                0x0000000000800c63                AutoApplet
 COMMON         0x0000000000800c65       0x42 UART_routines.o
                0x0000000000800c65                rxbuf
                0x0000000000800c85                lineAvailable
                0x0000000000800c86                line
                0x0000000000800ca6                index
 COMMON         0x0000000000800ca7       0x1e RTC_routines.o
                0x0000000000800ca7                rtc_register
                0x0000000000800cae                time
                0x0000000000800cb8                day
                0x0000000000800cb9                date
 COMMON         0x0000000000800cc5       0xca Interrupts.o
                0x0000000000800cc5                rx_buf1
                0x0000000000800d29                rx_buf
                0x0000000000800d8d                ii
 COMMON         0x0000000000800d8f        0x2 AutoProgram.o
                0x0000000000800d8f                stepPollingFunc
 COMMON         0x0000000000800d91        0x2 Applet.o
                0x0000000000800d91                applet
 COMMON         0x0000000000800d93        0x8 eepromStruct.o
                0x0000000000800d93                eepromPrograms
 COMMON         0x0000000000800d9b       0x50 ds1820.o
                0x0000000000800d9b                gSensorIDs
 COMMON         0x0000000000800deb        0xa Program.o
                0x0000000000800deb                g_key_handler
                0x0000000000800ded                programs
 COMMON         0x0000000000800df5        0x4 /usr/lib/gcc/avr/5.4.0/../../../avr/lib/avr51/libc.a(malloc.o)
                0x0000000000800df5                __brkval
                0x0000000000800df7                __flp
 COMMON         0x0000000000800df9        0x6 /usr/lib/gcc/avr/5.4.0/../../../avr/lib/avr51/libc.a(iob.o)
                0x0000000000800df9                __iob
 COMMON         0x0000000000800dff        0x2 /usr/lib/gcc/avr/5.4.0/../../../avr/lib/avr51/libc.a(errno.o)
                0x0000000000800dff                errno
                0x0000000000800e01                PROVIDE (__bss_end, .)
                0x0000000000003560                __data_load_start = LOADADDR (.data)
                0x0000000000004086                __data_load_end = (__data_load_start + SIZEOF (.data))

.noinit         0x0000000000800e01        0x1
                [!provide]                        PROVIDE (__noinit_start, .)
 *(.noinit*)
 .noinit        0x0000000000800e01        0x1 mcucsr.o
                0x0000000000800e01                mcucsr_mirror
                [!provide]                        PROVIDE (__noinit_end, .)
                0x0000000000800e02                _end = .
                0x0000000000800e02                PROVIDE (__heap_start, .)

.eeprom         0x0000000000810000      0x284
 *(.eeprom*)
 .eeprom        0x0000000000810000      0x284 eepromStruct.o
                0x0000000000810000                prog4
                0x00000000008100a1                prog3
                0x0000000000810142                prog2
                0x00000000008101e3                prog1
                0x0000000000810284                __eeprom_end = .

.fuse
 *(.fuse)
 *(.lfuse)
 *(.hfuse)
 *(.efuse)

.lock
 *(.lock*)

.signature
 *(.signature*)

.user_signatures
 *(.user_signatures*)

.stab           0x0000000000000000     0x930c
 *(.stab)
 .stab          0x0000000000000000      0x99c main.o
 .stab          0x000000000000099c      0x870 hd44780.o
                                        0xa98 (size before relaxing)
 .stab          0x000000000000120c      0x318 delay.o
                                        0x4e0 (size before relaxing)
 .stab          0x0000000000001524      0xa50 UART_routines.o
                                        0xc84 (size before relaxing)
 .stab          0x0000000000001f74     0x10c8 RTC_routines.o
                                       0x1338 (size before relaxing)
 .stab          0x000000000000303c      0x6cc i2c_routines.o
                                        0x894 (size before relaxing)
 .stab          0x0000000000003708      0x5f4 keypad.o
                                        0x81c (size before relaxing)
 .stab          0x0000000000003cfc      0x408 Interrupts.o
                                        0x684 (size before relaxing)
 .stab          0x0000000000004104      0x63c PCF_routines.o
                                        0x648 (size before relaxing)
 .stab          0x0000000000004740      0x3f0 timer.o
                                        0x5b8 (size before relaxing)
 .stab          0x0000000000004b30      0x3f0 adc.o
                                        0x5b8 (size before relaxing)
 .stab          0x0000000000004f20      0x864 pwm.o
                                        0xae0 (size before relaxing)
 .stab          0x0000000000005784      0x798 AutoProgram.o
                                        0xa80 (size before relaxing)
 .stab          0x0000000000005f1c      0x7f8 Applet.o
                                        0xab0 (size before relaxing)
 .stab          0x0000000000006714      0x6f0 eepromStruct.o
                                        0x96c (size before relaxing)
 .stab          0x0000000000006e04      0x444 mcucsr.o
                                        0x678 (size before relaxing)
 .stab          0x0000000000007248      0x3b4 console.o
                                        0x648 (size before relaxing)
 .stab          0x00000000000075fc      0xf54 ds1820.o
                                       0x1194 (size before relaxing)
 .stab          0x0000000000008550      0xdbc Program.o
                                       0x1080 (size before relaxing)

.stabstr        0x0000000000000000     0x3053
 *(.stabstr)
 .stabstr       0x0000000000000000     0x3053 main.o

.stab.excl
 *(.stab.excl)

.stab.exclstr
 *(.stab.exclstr)

.stab.index
 *(.stab.index)

.stab.indexstr
 *(.stab.indexstr)

.comment        0x0000000000000000       0x11
 *(.comment)
 .comment       0x0000000000000000       0x11 main.o
                                         0x12 (size before relaxing)
 .comment       0x0000000000000011       0x12 hd44780.o
 .comment       0x0000000000000011       0x12 delay.o
 .comment       0x0000000000000011       0x12 UART_routines.o
 .comment       0x0000000000000011       0x12 RTC_routines.o
 .comment       0x0000000000000011       0x12 i2c_routines.o
 .comment       0x0000000000000011       0x12 keypad.o
 .comment       0x0000000000000011       0x12 Interrupts.o
 .comment       0x0000000000000011       0x12 timer.o
 .comment       0x0000000000000011       0x12 adc.o
 .comment       0x0000000000000011       0x12 pwm.o
 .comment       0x0000000000000011       0x12 AutoProgram.o
 .comment       0x0000000000000011       0x12 Applet.o
 .comment       0x0000000000000011       0x12 eepromStruct.o
 .comment       0x0000000000000011       0x12 mcucsr.o
 .comment       0x0000000000000011       0x12 console.o
 .comment       0x0000000000000011       0x12 ds1820.o
 .comment       0x0000000000000011       0x12 Program.o
 .comment       0x0000000000000011       0x12 /usr/lib/gcc/avr/5.4.0/../../../avr/lib/avr51/libc.a(calloc.o)
 .comment       0x0000000000000011       0x12 /usr/lib/gcc/avr/5.4.0/../../../avr/lib/avr51/libc.a(malloc.o)
 .comment       0x0000000000000011       0x12 /usr/lib/gcc/avr/5.4.0/../../../avr/lib/avr51/libc.a(strtol.o)
 .comment       0x0000000000000011       0x12 /usr/lib/gcc/avr/5.4.0/../../../avr/lib/avr51/libc.a(iob.o)
 .comment       0x0000000000000011       0x12 /usr/lib/gcc/avr/5.4.0/../../../avr/lib/avr51/libc.a(printf.o)
 .comment       0x0000000000000011       0x12 /usr/lib/gcc/avr/5.4.0/../../../avr/lib/avr51/libc.a(putchar.o)
 .comment       0x0000000000000011       0x12 /usr/lib/gcc/avr/5.4.0/../../../avr/lib/avr51/libc.a(puts.o)
 .comment       0x0000000000000011       0x12 /usr/lib/gcc/avr/5.4.0/../../../avr/lib/avr51/libc.a(sprintf.o)
 .comment       0x0000000000000011       0x12 /usr/lib/gcc/avr/5.4.0/../../../avr/lib/avr51/libc.a(vsnprintf.o)
 .comment       0x0000000000000011       0x12 /usr/lib/gcc/avr/5.4.0/../../../avr/lib/avr51/libc.a(vfprintf_std.o)
 .comment       0x0000000000000011       0x12 /usr/lib/gcc/avr/5.4.0/../../../avr/lib/avr51/libc.a(errno.o)
 .comment       0x0000000000000011       0x12 /usr/lib/gcc/avr/5.4.0/../../../avr/lib/avr51/libc.a(fputc.o)

.note.gnu.avr.deviceinfo
                0x0000000000000000       0x3c
 .note.gnu.avr.deviceinfo
                0x0000000000000000       0x3c /usr/lib/gcc/avr/5.4.0/../../../avr/lib/avr51/crtatmega128.o

.note.gnu.build-id
 *(.note.gnu.build-id)

.debug
 *(.debug)

.line
 *(.line)

.debug_srcinfo
 *(.debug_srcinfo)

.debug_sfnames
 *(.debug_sfnames)

.debug_aranges
 *(.debug_aranges)

.debug_pubnames
 *(.debug_pubnames)

.debug_info     0x0000000000000000      0x780
 *(.debug_info .gnu.linkonce.wi.*)
 .debug_info    0x0000000000000000      0x780 /usr/lib/gcc/avr/5.4.0/../../../avr/lib/avr51/crtatmega128.o

.debug_abbrev   0x0000000000000000      0x718
 *(.debug_abbrev)
 .debug_abbrev  0x0000000000000000      0x718 /usr/lib/gcc/avr/5.4.0/../../../avr/lib/avr51/crtatmega128.o

.debug_line     0x0000000000000000       0x1a
 *(.debug_line .debug_line.* .debug_line_end)
 .debug_line    0x0000000000000000       0x1a /usr/lib/gcc/avr/5.4.0/../../../avr/lib/avr51/crtatmega128.o

.debug_frame
 *(.debug_frame)

.debug_str      0x0000000000000000      0x27d
 *(.debug_str)
 .debug_str     0x0000000000000000      0x27d /usr/lib/gcc/avr/5.4.0/../../../avr/lib/avr51/crtatmega128.o

.debug_loc
 *(.debug_loc)

.debug_macinfo
 *(.debug_macinfo)

.debug_weaknames
 *(.debug_weaknames)

.debug_funcnames
 *(.debug_funcnames)

.debug_typenames
 *(.debug_typenames)

.debug_varnames
 *(.debug_varnames)

.debug_pubtypes
 *(.debug_pubtypes)

.debug_ranges
 *(.debug_ranges)

.debug_macro
 *(.debug_macro)
OUTPUT(proto.elf elf32-avr)
LOAD linker stubs
